[2026-03-31 08:46:52] === Starting PromotionalMaterial Module Installation ===
[2026-03-31 08:46:52] [STEP 1] Creating module...
[2026-03-31 08:46:54]   ✓ Module created: PromotionalMaterial (ID: 58)
[2026-03-31 08:46:54] [STEP 2] Creating module block...
[2026-03-31 08:46:54]   ✓ Block created: LBL_PROMOTIONAL_MATERIAL_INFORMATION
[2026-03-31 08:46:54] [STEP 3] Creating module fields...
[2026-03-31 08:52:37] === Starting PromotionalMaterial Module Installation ===
[2026-03-31 08:52:37] [STEP 1] Creating module...
[2026-03-31 08:52:37]   ⚠ Module already exists: PromotionalMaterial (ID: 58)
[2026-03-31 08:52:37] [STEP 2] Creating module block...
[2026-03-31 08:52:37]   ⚠ Block already exists: LBL_PROMOTIONAL_MATERIAL_INFORMATION
[2026-03-31 08:52:37] [STEP 4] Initializing database tables...
[2026-03-31 08:52:37]   ✓ Database tables initialized successfully
[2026-03-31 08:52:37] [STEP 3] Creating module fields...
[2026-03-31 08:52:38]   ✓ Field created: title
[2026-03-31 08:52:38]   ✓ Field created: description
[2026-03-31 08:52:39]   ✓ Field created: promotional_status
[2026-03-31 08:52:39]     → Picklist values set for: promotional_status
[2026-03-31 08:52:40]   ✓ Field created: publisheddate
[2026-03-31 08:52:40]   ✓ Field created: promotional_document
[2026-03-31 08:52:41]   ✓ Field created: assigned_user_id
[2026-03-31 08:52:41]   ✓ Field created: createdtime
[2026-03-31 08:52:41]   ✓ Field created: modifiedtime
[2026-03-31 08:52:41]   ✓ Field created: source
[2026-03-31 08:52:41]   ✓ Field created: starred
[2026-03-31 08:52:42]   ✓ Field created: tags
[2026-03-31 08:52:42] [STEP 5] Creating database tables...
[2026-03-31 08:52:42]   ✓ Table verified/created: vtiger_promotionalmaterial
[2026-03-31 08:52:42]   ✓ Table verified/created: vtiger_promotionalmaterial_documents
[2026-03-31 08:52:42]   ✓ Table verified/created: vtiger_promotionalmaterialcf
[2026-03-31 08:52:42] [STEP 6] Adding filters...
[2026-03-31 08:54:33] === Starting PromotionalMaterial Module Installation ===
[2026-03-31 08:54:33] [STEP 1] Creating module...
[2026-03-31 08:54:33]   ⚠ Module already exists: PromotionalMaterial (ID: 58)
[2026-03-31 08:54:33] [STEP 2] Creating module block...
[2026-03-31 08:54:33]   ⚠ Block already exists: LBL_PROMOTIONAL_MATERIAL_INFORMATION
[2026-03-31 08:54:33] [STEP 4] Initializing database tables...
[2026-03-31 08:54:33]   ✓ Database tables initialized successfully
[2026-03-31 08:54:33] [STEP 3] Creating module fields...
[2026-03-31 08:54:33]   ⚠ Field already exists: title
[2026-03-31 08:54:33]   ⚠ Field already exists: description
[2026-03-31 08:54:33]   ⚠ Field already exists: promotional_status
[2026-03-31 08:54:33]   ⚠ Field already exists: publisheddate
[2026-03-31 08:54:33]   ⚠ Field already exists: promotional_document
[2026-03-31 08:54:33]   ⚠ Field already exists: assigned_user_id
[2026-03-31 08:54:33]   ⚠ Field already exists: createdtime
[2026-03-31 08:54:33]   ⚠ Field already exists: modifiedtime
[2026-03-31 08:54:33]   ⚠ Field already exists: source
[2026-03-31 08:54:33]   ⚠ Field already exists: starred
[2026-03-31 08:54:33]   ⚠ Field already exists: tags
[2026-03-31 08:54:33] [STEP 5] Creating database tables...
[2026-03-31 08:54:33]   ✓ Table verified/created: vtiger_promotionalmaterial
[2026-03-31 08:54:33]   ✓ Table verified/created: vtiger_promotionalmaterial_documents
[2026-03-31 08:54:33]   ✓ Table verified/created: vtiger_promotionalmaterialcf
[2026-03-31 08:54:33] [STEP 6] Adding filters...
[2026-03-31 08:57:53] === Starting PromotionalMaterial Module Installation ===
[2026-03-31 08:57:53] [STEP 1] Creating module...
[2026-03-31 08:57:53]   ⚠ Module already exists: PromotionalMaterial (ID: 58)
[2026-03-31 08:57:53] [STEP 2] Creating module block...
[2026-03-31 08:57:53]   ⚠ Block already exists: LBL_PROMOTIONAL_MATERIAL_INFORMATION
[2026-03-31 08:57:53] [STEP 4] Initializing database tables...
[2026-03-31 08:57:53]   ✓ Database tables initialized successfully
[2026-03-31 08:57:53] [STEP 3] Creating module fields...
[2026-03-31 08:57:53]   ⚠ Field already exists: title
[2026-03-31 08:57:53]   ⚠ Field already exists: description
[2026-03-31 08:57:53]   ⚠ Field already exists: promotional_status
[2026-03-31 08:57:53]   ⚠ Field already exists: publisheddate
[2026-03-31 08:57:53]   ⚠ Field already exists: promotional_document
[2026-03-31 08:57:53]   ⚠ Field already exists: assigned_user_id
[2026-03-31 08:57:53]   ⚠ Field already exists: createdtime
[2026-03-31 08:57:53]   ⚠ Field already exists: modifiedtime
[2026-03-31 08:57:53]   ⚠ Field already exists: source
[2026-03-31 08:57:53]   ⚠ Field already exists: starred
[2026-03-31 08:57:53]   ⚠ Field already exists: tags
[2026-03-31 08:57:53] [STEP 5] Creating database tables...
[2026-03-31 08:57:53]   ✓ Table verified/created: vtiger_promotionalmaterial
[2026-03-31 08:57:53]   ✓ Table verified/created: vtiger_promotionalmaterial_documents
[2026-03-31 08:57:53]   ✓ Table verified/created: vtiger_promotionalmaterialcf
[2026-03-31 08:57:53] [STEP 6] Adding filters...
[2026-03-31 08:57:53]   ✓ Filter 'All' created with fields (title, status, publisheddate)
[2026-03-31 08:57:53] [STEP 7] Registering in vtiger_entityname...
[2026-03-31 08:57:53]   ✓ Registered in vtiger_entityname (TabID: 58)
[2026-03-31 08:57:53] [STEP 8] Registering in vtiger_ws_entity...
[2026-03-31 08:57:53]   ✓ Registered in vtiger_ws_entity (ID: 38)
[2026-03-31 08:57:53] [STEP 9] Registering event handler...
[2026-03-31 08:57:53]   ✓ Registered event handler: vtiger.entity.aftersave.PromotionalMaterial
[2026-03-31 08:57:53] [STEP 10] Configuring picklist values...
[2026-03-31 08:57:53] [STEP 11] Configuring role permissions...
[2026-03-31 08:57:53] ✓ PromotionalMaterial module installed successfully!
[2026-03-31 08:57:53]   Module ID: 58
[2026-03-31 08:57:53]   Tab ID: 58
[2026-03-31 08:57:53] === Installation Complete ===

[2026-03-31 10:08:07] === Starting PromotionalMaterial Module Installation ===
[2026-03-31 10:08:07] [STEP 1] Creating module...
[2026-03-31 10:08:07] [STEP 2] Creating module block...
[2026-03-31 10:08:07] [STEP 4] Initializing database tables...
[2026-03-31 10:08:07]   ✗ Error initializing tables: Module instance not available
[2026-03-31 10:08:07] ✗ ERROR: Module instance not available
[2026-03-31 10:08:07] #0 /var/www/html/vtiger81/install_promotional_material_db.php(55): PromotionalMaterialInstaller->initTables()
#1 /var/www/html/vtiger81/install_promotional_material_db.php(648): PromotionalMaterialInstaller->install()
#2 {main}
[2026-03-31 10:08:50] === Starting PromotionalMaterial Module Installation ===
[2026-03-31 10:08:50] [STEP 1] Creating module...
[2026-03-31 10:08:50]   ⚠ Module already exists: PromotionalMaterial (ID: 58)
[2026-03-31 10:08:50] [STEP 2] Creating module block...
[2026-03-31 10:08:50] [STEP 4] Initializing database tables...
[2026-03-31 10:08:50] [STEP 3] Creating module fields...
[2026-03-31 10:08:50] [STEP 5] Creating database tables...
[2026-03-31 10:08:50] [STEP 6] Adding filters...
[2026-03-31 10:08:50] [STEP 7] Registering in vtiger_entityname...
[2026-03-31 10:08:50] [STEP 8] Registering in vtiger_ws_entity...
[2026-03-31 10:17:43] === Starting PromotionalMaterial Module Installation ===
[2026-03-31 10:17:43] [STEP 1] Creating module...
[2026-03-31 10:17:43]   ⚠ Module already exists: PromotionalMaterial (ID: 58)
[2026-03-31 10:17:43] [STEP 2] Creating module block...
[2026-03-31 10:17:43] [STEP 2.5] Registering module in Tools app...
[2026-03-31 10:21:30] === Starting PromotionalMaterial Module Installation ===
[2026-03-31 10:21:30] [STEP 1] Creating module...
[2026-03-31 10:21:30]   ⚠ Module already exists: PromotionalMaterial (ID: 58)
[2026-03-31 10:21:30] [STEP 2] Creating module block...
[2026-03-31 10:21:30] [STEP 2.5] Registering module in Tools app...
[2026-03-31 10:22:01] === Starting PromotionalMaterial Module Installation ===
[2026-03-31 10:22:01] [STEP 1] Creating module...
[2026-03-31 10:22:01]   ⚠ Module already exists: PromotionalMaterial (ID: 58)
[2026-03-31 10:22:01] [STEP 2] Creating module block...
[2026-03-31 10:22:01] [STEP 2.5] Registering module in Tools app...
[2026-03-31 10:22:09] === Starting PromotionalMaterial Module Installation ===
[2026-03-31 10:22:09] [STEP 1] Creating module...
[2026-03-31 10:22:09]   ⚠ Module already exists: PromotionalMaterial (ID: 58)
[2026-03-31 10:22:09] [STEP 2] Creating module block...
[2026-03-31 10:22:09] [STEP 2.5] Registering module in Tools app...
[2026-03-31 10:22:45] === Starting PromotionalMaterial Module Installation ===
[2026-03-31 10:22:45] [STEP 1] Creating module...
[2026-03-31 10:22:45]   ⚠ Module already exists: PromotionalMaterial (ID: 58)
[2026-03-31 10:22:45] [STEP 2] Creating module block...
[2026-03-31 10:22:45] [STEP 2.5] Registering module in Tools app...
[2026-03-31 10:22:45]   ✓ Registered module in Tools app (AppID: , TabID: 58)
[2026-03-31 10:26:14] === Starting PromotionalMaterial Module Installation ===
[2026-03-31 10:26:14] [STEP 1] Creating module...
[2026-03-31 10:26:14]   ⚠ Module already exists: PromotionalMaterial (ID: 58)
[2026-03-31 10:26:14] [STEP 2] Creating module block...
[2026-03-31 10:26:14] [STEP 2.5] Registering module in Tools app...
[2026-03-31 10:26:14]   ✓ Registered module in Tools app (AppID: , TabID: 58)
[2026-03-31 10:27:06] === Starting PromotionalMaterial Module Installation ===
[2026-03-31 10:27:06] [STEP 1] Creating module...
[2026-03-31 10:27:06]   ⚠ Module already exists: PromotionalMaterial (ID: 58)
[2026-03-31 10:27:06] [STEP 2] Creating module block...
[2026-03-31 10:27:06] [STEP 2.5] Registering module in Tools app...
[2026-03-31 10:27:06]   ✓ Registered module in Tools app (AppID: , TabID: 58)
[2026-03-31 11:36:49] === Starting PromotionalMaterial Module Installation ===
[2026-03-31 11:36:49] [STEP 1] Creating module...
[2026-03-31 11:36:49]   ⚠ Module already exists: PromotionalMaterial (ID: 58)
[2026-03-31 11:36:49] [STEP 2] Creating module block...
[2026-03-31 11:36:49]   ⚠ Block already exists: LBL_PROMOTIONAL_MATERIAL_INFORMATION
[2026-03-31 11:36:49] [STEP 2.5] Registering module in Tools app...
[2026-03-31 11:36:49]   ⚠ Module already registered in Tools app
[2026-03-31 11:36:49] [STEP 2.6] Configuring module settings...
[2026-03-31 11:36:49]   ✓ Entity identifier set to 'title'
[2026-03-31 11:36:49]   ✓ Default sharing rules configured
[2026-03-31 11:36:49]   ✓ Module settings saved
[2026-03-31 11:36:49] [STEP 4] Initializing database tables...
[2026-03-31 11:36:49]   ✓ Database tables initialized successfully
[2026-03-31 11:36:49] [STEP 3] Creating module fields...
[2026-03-31 11:36:49]   ⚠ Field already exists: title
[2026-03-31 11:36:49]   ⚠ Field already exists: description
[2026-03-31 11:36:49]   ⚠ Field already exists: promotional_status
[2026-03-31 11:36:49]   ⚠ Field already exists: publisheddate
[2026-03-31 11:36:49]   ⚠ Field already exists: promotional_document
[2026-03-31 11:36:49]   ⚠ Field already exists: assigned_user_id
[2026-03-31 11:36:49]   ⚠ Field already exists: createdtime
[2026-03-31 11:36:49]   ⚠ Field already exists: modifiedtime
[2026-03-31 11:36:49]   ⚠ Field already exists: source
[2026-03-31 11:36:49]   ⚠ Field already exists: starred
[2026-03-31 11:36:49]   ⚠ Field already exists: tags
[2026-03-31 11:36:49] [STEP 5] Creating database tables...
[2026-03-31 11:36:49]   ✓ Table verified/created: vtiger_promotionalmaterial
[2026-03-31 11:36:49]   ✓ Table verified/created: vtiger_promotionalmaterial_documents
[2026-03-31 11:36:49]   ✓ Table verified/created: vtiger_promotionalmaterialcf
[2026-03-31 11:36:49] [STEP 6] Adding filters...
[2026-03-31 11:36:50]   ✓ Filter 'All' created with fields (title, status, publisheddate)
[2026-03-31 11:36:50] [STEP 7] Registering in vtiger_entityname...
[2026-03-31 11:36:50]   ⚠ Already registered in vtiger_entityname
[2026-03-31 11:36:50] [STEP 8] Registering in vtiger_ws_entity...
[2026-03-31 11:36:50]   ⚠ Already registered in vtiger_ws_entity
[2026-03-31 11:36:50] [STEP 9] Registering event handler...
[2026-03-31 11:36:50]   ⚠ Event handler already registered: vtiger.entity.aftersave.PromotionalMaterial
[2026-03-31 11:36:50] [STEP 10] Configuring picklist values...
[2026-03-31 11:36:50] [STEP 11] Configuring role permissions...
[2026-03-31 11:36:50] ✓ PromotionalMaterial module installed successfully!
[2026-03-31 11:36:50]   Module ID: 58
[2026-03-31 11:36:50]   Tab ID: 58
[2026-03-31 11:36:50] === Installation Complete ===

[2026-03-31 13:40:57] === Starting PromotionalMaterial Module Installation ===
[2026-03-31 13:40:57] [STEP 1] Creating module...
[2026-03-31 13:40:57]   ✓ Module created: PromotionalMaterial (ID: 58)
[2026-03-31 13:40:57] [STEP 2] Creating module block...
[2026-03-31 13:40:57]   ✓ Block created: LBL_PROMOTIONAL_MATERIAL_INFORMATION
[2026-03-31 13:40:57] [STEP 2.5] Registering module in Tools app...
[2026-03-31 13:40:57]   ✓ Registered module in Tools app (AppID: , TabID: 58)
[2026-03-31 13:40:57] [STEP 2.6] Configuring module settings...
[2026-03-31 13:40:58]   ✓ Default sharing rules configured
[2026-03-31 13:40:58]   ✓ Module settings saved
[2026-03-31 13:40:58] [STEP 4] Initializing database tables...
[2026-03-31 13:40:58]   ✓ Database tables initialized successfully
[2026-03-31 13:40:58] [STEP 3] Creating module fields...
[2026-03-31 13:40:58]   ✓ Field created: title
[2026-03-31 13:40:58]   ✓ Field created: description
[2026-03-31 13:40:59]   ✓ Field created: promotional_status
[2026-03-31 13:40:59]     → Picklist values set for: promotional_status
[2026-03-31 13:40:59]   ✓ Field created: publisheddate
[2026-03-31 13:40:59]   ✓ Field created: promotional_document
[2026-03-31 13:41:00]   ✓ Field created: assigned_user_id
[2026-03-31 13:41:00]   ✓ Field created: createdtime
[2026-03-31 13:41:00]   ✓ Field created: modifiedtime
[2026-03-31 13:41:00]   ✓ Field created: source
[2026-03-31 13:41:00]   ✓ Field created: starred
[2026-03-31 13:41:00]   ✓ Field created: tags
[2026-03-31 13:41:00] [STEP 5] Creating database tables...
[2026-03-31 13:41:00]   ✓ Table verified/created: vtiger_promotionalmaterial
[2026-03-31 13:41:00]   ✓ Table verified/created: vtiger_promotionalmaterial_documents
[2026-03-31 13:41:00]   ✓ Table verified/created: vtiger_promotionalmaterialcf
[2026-03-31 13:41:00] [STEP 6] Adding filters...
[2026-03-31 13:41:00]   ✓ Filter 'All' created with fields (title, status, publisheddate)
[2026-03-31 13:41:00] [STEP 7] Registering in vtiger_entityname...
[2026-03-31 13:41:00]   ✓ Registered in vtiger_entityname (TabID: 58)
[2026-03-31 13:41:00] [STEP 8] Registering in vtiger_ws_entity...
[2026-03-31 13:41:00]   ✓ Registered in vtiger_ws_entity (ID: 40)
[2026-03-31 13:41:00] [STEP 9] Registering event handler...
[2026-03-31 13:41:00]   ⚠ Event handler already registered: vtiger.entity.aftersave.PromotionalMaterial
[2026-03-31 13:41:00] [STEP 10] Configuring picklist values...
[2026-03-31 13:41:00] [STEP 11] Configuring role permissions...
[2026-03-31 13:41:00] ✓ PromotionalMaterial module installed successfully!
[2026-03-31 13:41:00]   Module ID: 58
[2026-03-31 13:41:00]   Tab ID: 58
[2026-03-31 13:41:00] === Installation Complete ===

